<html>
<body>
<pre>
<h1>µVision Build Log</h1>
<h2>Tool Versions:</h2>
IDE-Version: ¦ÌVision V5.18.0.0
Copyright (C) 2016 ARM Ltd and ARM Germany GmbH. All rights reserved.
License Information: Xie JS, xie, LIC=X96CK-Z4EPD-9UN4U-SYVDY-7UGX0-AF4NN
 
Tool Versions:
Toolchain:       MDK-ARM Standard  Version: 5.18
Toolchain Path:  D:\Professional software\KEIL_MDK\ARM\ARMCC\Bin
C Compiler:      Armcc.exe V5.06 update 1 (build 61)
Assembler:       Armasm.exe V5.06 update 1 (build 61)
Linker/Locator:  ArmLink.exe V5.06 update 1 (build 61)
Library Manager: ArmAr.exe V5.06 update 1 (build 61)
Hex Converter:   FromElf.exe V5.06 update 1 (build 61)
CPU DLL:         SARMCM3.DLL V5.18
Dialog DLL:      DCM.DLL V1.13.6.0
Target DLL:      CMSIS_AGDI.dll V1.25.7.0
Dialog DLL:      TCM.DLL V1.14.8.0
 
<h2>Project:</h2>
C:\Users\25737\Desktop\project\FOC\software_X\FOC_X\MDK-ARM\FOC_X.uvprojx
Project File Date:  04/17/2025

<h2>Output:</h2>
*** Using Compiler 'V5.06 update 1 (build 61)', folder: 'D:\Professional software\KEIL_MDK\ARM\ARMCC\Bin'
Build target 'FOC_X'
compiling main.c...
../MDK-ARM/FOC.H(18): warning:  #1295-D: Deprecated declaration ADC_1 - give arg types
  void ADC_1();
../Core/Src/main.c(372): warning:  #1035-D: single-precision operand implicitly converted to double-precision
      u_1 = 3.3f * ((float)hadc->Instance->JDR1/ ((1 << 12) - 1) - 0.5);
../Core/Src/main.c(373): warning:  #1035-D: single-precision operand implicitly converted to double-precision
      u_2 = 3.3f * ((float)hadc->Instance->JDR2 / ((1 << 12) - 1) - 0.5);
../Core/Src/main.c(471): warning:  #177-D: variable "d" was declared but never referenced
      float d = 0;
../Core/Src/main.c(485): warning:  #177-D: variable "d" was declared but never referenced
      float d = 0;
../Core/Src/main.c: 5 warnings, 0 errors
linking...
Program Size: Code=28168 RO-data=2724 RW-data=252 ZI-data=2244  
FromELF: creating hex file...
"FOC_X\FOC_X.axf" - 0 Error(s), 5 Warning(s).

<h2>Software Packages used:</h2>

Package Vendor: ARM
                http://www.keil.com/pack/ARM.CMSIS.4.5.0.pack
                ARM::CMSIS:CORE:4.3.0
                CMSIS (Cortex Microcontroller Software Interface Standard)
   * Component: CORE Version: 4.3.0

<h2>Collection of Component include folders:</h2>
  C:\Users\25737\Desktop\project\FOC\software_X\FOC_X\MDK-ARM\RTE
  D:\Professional software\KEIL_MDK\ARM\PACK\ARM\CMSIS\4.5.0\CMSIS\Include
  D:\Professional software\KEIL_MDK\ARM\PACK\Keil\STM32G4xx_DFP\1.2.0\Drivers\CMSIS\Device\ST\STM32G4xx\Include

<h2>Collection of Component Files used:</h2>

   * Component: ARM::CMSIS:CORE:4.3.0
Build Time Elapsed:  00:00:04
</pre>
</body>
</html>
